#0 building with "default" instance using docker driver

#1 [internal] load build definition from Dockerfile
#1 transferring dockerfile: 1.34kB done
#1 DONE 0.1s

#2 [internal] load metadata for docker.io/library/golang@sha256:167053a2bb901972bf2c1611f8f52c44d5fe7e762e5cab213708d82c421614db
#2 DONE 0.2s

#3 [internal] load .dockerignore
#3 transferring context: 2B done
#3 DONE 0.0s

#4 [build 1/4] FROM docker.io/library/golang@sha256:167053a2bb901972bf2c1611f8f52c44d5fe7e762e5cab213708d82c421614db
#4 resolve docker.io/library/golang@sha256:167053a2bb901972bf2c1611f8f52c44d5fe7e762e5cab213708d82c421614db 0.0s done
#4 DONE 0.2s

#5 [internal] load build context
#5 transferring context: 13.87kB done
#5 DONE 0.1s

#6 [build 2/4] WORKDIR /src
#6 DONE 0.0s

#7 [build 3/4] COPY go.mod main.go ./
#7 DONE 0.0s

#8 [build 4/4] RUN go mod tidy && go list -m all &&     CGO_ENABLED=0 go build -trimpath -ldflags="-s -w" -o /out/fake-gpu-plugin .
#8 0.449 go: downloading google.golang.org/grpc v1.65.0
#8 0.449 go: downloading k8s.io/kubelet v0.31.1
#8 1.059 go: downloading github.com/gogo/protobuf v1.3.2
#8 1.064 go: downloading golang.org/x/net v0.26.0
#8 1.064 go: downloading google.golang.org/genproto/googleapis/rpc v0.0.0-20240701130421-f6361c86f094
#8 1.064 go: downloading github.com/google/go-cmp v0.6.0
#8 1.190 go: downloading google.golang.org/protobuf v1.34.2
#8 1.505 go: downloading golang.org/x/sys v0.21.0
#8 1.506 go: downloading golang.org/x/text v0.16.0
#8 4.325 arise.dev/fake-gpu-plugin
#8 4.325 cel.dev/expr v0.15.0
#8 4.325 cloud.google.com/go/compute/metadata v0.3.0
#8 4.325 github.com/beorn7/perks v1.0.1
#8 4.325 github.com/blang/semver/v4 v4.0.0
#8 4.325 github.com/census-instrumentation/opencensus-proto v0.4.1
#8 4.325 github.com/cespare/xxhash/v2 v2.3.0
#8 4.325 github.com/cncf/xds/go v0.0.0-20240423153145-555b57ec207b
#8 4.325 github.com/davecgh/go-spew v1.1.2-0.20180830191138-d8f796af33cc
#8 4.325 github.com/emicklei/go-restful/v3 v3.11.0
#8 4.325 github.com/envoyproxy/go-control-plane v0.12.0
#8 4.325 github.com/envoyproxy/protoc-gen-validate v1.0.4
#8 4.325 github.com/fxamacker/cbor/v2 v2.7.0
#8 4.325 github.com/go-logr/logr v1.4.2
#8 4.325 github.com/gogo/protobuf v1.3.2
#8 4.325 github.com/golang/glog v1.2.1
#8 4.325 github.com/golang/protobuf v1.5.4
#8 4.325 github.com/google/go-cmp v0.6.0
#8 4.325 github.com/google/gofuzz v1.2.0
#8 4.325 github.com/google/uuid v1.6.0
#8 4.325 github.com/gorilla/websocket v1.5.0
#8 4.325 github.com/inconshreveable/mousetrap v1.1.0
#8 4.325 github.com/json-iterator/go v1.1.12
#8 4.325 github.com/kisielk/errcheck v1.5.0
#8 4.325 github.com/kisielk/gotool v1.0.0
#8 4.325 github.com/moby/spdystream v0.4.0
#8 4.325 github.com/modern-go/concurrent v0.0.0-20180306012644-bacd9c7ef1dd
#8 4.325 github.com/modern-go/reflect2 v1.0.2
#8 4.325 github.com/munnerz/goautoneg v0.0.0-20191010083416-a7dc8b61c822
#8 4.325 github.com/mxk/go-flowrate v0.0.0-20140419014527-cca7078d478f
#8 4.325 github.com/pmezard/go-difflib v1.0.1-0.20181226105442-5d4384ee4fb2
#8 4.325 github.com/prometheus/client_golang v1.19.1
#8 4.325 github.com/prometheus/client_model v0.6.1
#8 4.325 github.com/prometheus/common v0.55.0
#8 4.325 github.com/prometheus/procfs v0.15.1
#8 4.325 github.com/spf13/cobra v1.8.1
#8 4.325 github.com/spf13/pflag v1.0.5
#8 4.325 github.com/stretchr/testify v1.9.0
#8 4.325 github.com/x448/float16 v0.8.4
#8 4.325 github.com/yuin/goldmark v1.2.1
#8 4.325 golang.org/x/crypto v0.24.0
#8 4.325 golang.org/x/mod v0.17.0
#8 4.325 golang.org/x/net v0.26.0
#8 4.325 golang.org/x/oauth2 v0.21.0
#8 4.325 golang.org/x/sync v0.7.0
#8 4.325 golang.org/x/sys v0.21.0
#8 4.325 golang.org/x/term v0.21.0
#8 4.325 golang.org/x/text v0.16.0
#8 4.325 golang.org/x/time v0.3.0
#8 4.325 golang.org/x/tools v0.21.1-0.20240508182429-e35e4ccd0d2d
#8 4.325 golang.org/x/xerrors v0.0.0-20200804184101-5ec99f83aff1
#8 4.325 google.golang.org/genproto/googleapis/api v0.0.0-20240528184218-531527333157
#8 4.325 google.golang.org/genproto/googleapis/rpc v0.0.0-20240701130421-f6361c86f094
#8 4.325 google.golang.org/grpc v1.65.0
#8 4.325 google.golang.org/protobuf v1.34.2
#8 4.325 gopkg.in/inf.v0 v0.9.1
#8 4.325 gopkg.in/yaml.v2 v2.4.0
#8 4.325 gopkg.in/yaml.v3 v3.0.1
#8 4.325 k8s.io/api v0.31.1
#8 4.325 k8s.io/apimachinery v0.31.1
#8 4.325 k8s.io/apiserver v0.31.1
#8 4.325 k8s.io/client-go v0.31.1
#8 4.325 k8s.io/component-base v0.31.1
#8 4.325 k8s.io/cri-api v0.31.1
#8 4.325 k8s.io/klog/v2 v2.130.1
#8 4.325 k8s.io/kubelet v0.31.1
#8 4.325 k8s.io/utils v0.0.0-20240711033017-18e509b52bc8
#8 4.325 sigs.k8s.io/json v0.0.0-20221116044647-bc3834ca7abd
#8 4.325 sigs.k8s.io/structured-merge-diff/v4 v4.4.1
#8 4.325 sigs.k8s.io/yaml v1.4.0
#8 DONE 17.6s

#9 [stage-1 1/1] COPY --from=build /out/fake-gpu-plugin /fake-gpu-plugin
#9 DONE 0.0s

#10 exporting to image
#10 exporting layers
#10 exporting layers 0.6s done
#10 exporting manifest sha256:7d1b1dfcecace1f91efbc38fa0dc53f89edf8e5e08dc764a1c0aec260b6e19b4 0.0s done
#10 exporting config sha256:b77c0170658d9bf9ee476236ddf0855bf7c20947c7d7a1be7b8e6d6d3ec2c36c 0.0s done
#10 exporting attestation manifest sha256:7100fc0cb05c846b397e9876df71f1b9c482e224ba7a881649d2a282193fc526 0.0s done
#10 exporting manifest list sha256:923e467185ad89247834f011f0aa54ccdf7e2e95b4d2900f20d942d2319f90fa 0.0s done
#10 naming to docker.io/arise/fake-gpu-plugin:lab
#10 naming to docker.io/arise/fake-gpu-plugin:lab done
#10 unpacking to docker.io/arise/fake-gpu-plugin:lab 0.1s done
#10 DONE 0.8s
image_id=sha256:923e467185ad89247834f011f0aa54ccdf7e2e95b4d2900f20d942d2319f90fa size=4572301 created=2026-08-16T13:53:58.937879155-04:00
