namespace/monitoring serverside-applied
namespace/platform-system serverside-applied
namespace/tenant-arise serverside-applied
namespace/tenant-direct serverside-applied
namespace/test-system serverside-applied
namespace/vast-mock serverside-applied
resourcequota/monitoring-quota serverside-applied
resourcequota/tenant-arise-quota serverside-applied
resourcequota/tenant-direct-quota serverside-applied
resourcequota/test-system-quota serverside-applied
resourcequota/vast-mock-quota serverside-applied
storageclass.storage.k8s.io/arise-longterm serverside-applied
storageclass.storage.k8s.io/arise-shared serverside-applied
customresourcedefinition.apiextensions.k8s.io/nodeownerships.infrastructure.arise.ai serverside-applied
serviceaccount/prometheus serverside-applied
serviceaccount/capacity-controller serverside-applied
serviceaccount/fake-gpu-device-plugin serverside-applied
serviceaccount/fake-gpu-plugin serverside-applied
serviceaccount/ops-console serverside-applied
serviceaccount/tenant-portal serverside-applied
serviceaccount/tenant-runner serverside-applied
serviceaccount/tenant-runner serverside-applied
serviceaccount/vast-mock serverside-applied
role.rbac.authorization.k8s.io/arise:fake-gpu-fault-router serverside-applied
role.rbac.authorization.k8s.io/arise:tenant-portal serverside-applied
role.rbac.authorization.k8s.io/arise:tenant-runner serverside-applied
role.rbac.authorization.k8s.io/arise:tenant-portal serverside-applied
role.rbac.authorization.k8s.io/arise:tenant-runner serverside-applied
clusterrole.rbac.authorization.k8s.io/arise:capacity-controller serverside-applied
clusterrole.rbac.authorization.k8s.io/arise:fake-gpu-plugin serverside-applied
clusterrole.rbac.authorization.k8s.io/arise:ops-console serverside-applied
clusterrole.rbac.authorization.k8s.io/arise:prometheus serverside-applied
rolebinding.rbac.authorization.k8s.io/arise:fake-gpu-fault-router serverside-applied
rolebinding.rbac.authorization.k8s.io/arise:tenant-portal serverside-applied
rolebinding.rbac.authorization.k8s.io/arise:tenant-runner serverside-applied
rolebinding.rbac.authorization.k8s.io/arise:tenant-portal serverside-applied
rolebinding.rbac.authorization.k8s.io/arise:tenant-runner serverside-applied
clusterrolebinding.rbac.authorization.k8s.io/arise:capacity-controller serverside-applied
clusterrolebinding.rbac.authorization.k8s.io/arise:fake-gpu-plugin serverside-applied
clusterrolebinding.rbac.authorization.k8s.io/arise:ops-console serverside-applied
clusterrolebinding.rbac.authorization.k8s.io/arise:prometheus serverside-applied
configmap/alertmanager-config serverside-applied
configmap/grafana-provisioning serverside-applied
configmap/prometheus-config serverside-applied
configmap/prometheus-rules serverside-applied
service/alertmanager serverside-applied
service/grafana serverside-applied
service/prometheus serverside-applied
service/capacity-controller serverside-applied
service/fake-gpu-advertiser serverside-applied
service/ops-console serverside-applied
service/platform-gateway serverside-applied
service/tenant-portal serverside-applied
service/vast-mock serverside-applied
limitrange/tenant-arise-limits serverside-applied
limitrange/tenant-direct-limits serverside-applied
limitrange/vast-mock-limits serverside-applied
deployment.apps/alertmanager serverside-applied
deployment.apps/grafana serverside-applied
deployment.apps/prometheus serverside-applied
deployment.apps/capacity-controller serverside-applied
deployment.apps/fake-gpu-advertiser serverside-applied
deployment.apps/ops-console serverside-applied
Warning: would violate PodSecurity "baseline:latest": hostPath volumes (volume "web")
deployment.apps/platform-gateway serverside-applied
deployment.apps/tenant-portal serverside-applied
deployment.apps/vast-mock serverside-applied
validatingadmissionpolicy.admissionregistration.k8s.io/arise-deny-real-gpu serverside-applied
validatingadmissionpolicy.admissionregistration.k8s.io/arise-flavor-quantization serverside-applied
validatingadmissionpolicy.admissionregistration.k8s.io/arise-priority-binding serverside-applied
validatingadmissionpolicy.admissionregistration.k8s.io/arise-queue-binding serverside-applied
validatingadmissionpolicy.admissionregistration.k8s.io/arise-storage-quantization serverside-applied
validatingadmissionpolicy.admissionregistration.k8s.io/arise-tenant-host-isolation serverside-applied
validatingadmissionpolicy.admissionregistration.k8s.io/arise-tenant-owner-gate serverside-applied
validatingadmissionpolicybinding.admissionregistration.k8s.io/arise-deny-real-gpu serverside-applied
validatingadmissionpolicybinding.admissionregistration.k8s.io/arise-flavor-quantization serverside-applied
validatingadmissionpolicybinding.admissionregistration.k8s.io/arise-priority-binding serverside-applied
validatingadmissionpolicybinding.admissionregistration.k8s.io/arise-queue-binding serverside-applied
validatingadmissionpolicybinding.admissionregistration.k8s.io/arise-storage-quantization serverside-applied
validatingadmissionpolicybinding.admissionregistration.k8s.io/arise-tenant-host-isolation serverside-applied
validatingadmissionpolicybinding.admissionregistration.k8s.io/arise-tenant-owner-gate serverside-applied
Warning: would violate PodSecurity "baseline:latest": hostPath volumes (volume "device-plugins")
daemonset.apps/fake-gpu-plugin serverside-applied
networkpolicy.networking.k8s.io/platform-internal-ingress serverside-applied
networkpolicy.networking.k8s.io/allow-dns serverside-applied
networkpolicy.networking.k8s.io/default-deny-all serverside-applied
networkpolicy.networking.k8s.io/deny-imds-and-host-links serverside-applied
networkpolicy.networking.k8s.io/allow-dns serverside-applied
networkpolicy.networking.k8s.io/default-deny-all serverside-applied
networkpolicy.networking.k8s.io/deny-imds-and-host-links serverside-applied
networkpolicy.networking.k8s.io/allow-controller-ingress-only serverside-applied
networkpolicy.networking.k8s.io/allow-dns-only-egress serverside-applied
networkpolicy.networking.k8s.io/default-deny-all serverside-applied
