namespace/volcano-system created
namespace/volcano-monitoring created
serviceaccount/volcano-admission created
configmap/volcano-admission-configmap created
clusterrole.rbac.authorization.k8s.io/volcano-admission created
clusterrolebinding.rbac.authorization.k8s.io/volcano-admission-role created
service/volcano-admission-service created
deployment.apps/volcano-admission created
serviceaccount/volcano-admission-init created
role.rbac.authorization.k8s.io/volcano-admission-init created
rolebinding.rbac.authorization.k8s.io/volcano-admission-init-role created
job.batch/volcano-admission-init created
customresourcedefinition.apiextensions.k8s.io/jobs.batch.volcano.sh created
customresourcedefinition.apiextensions.k8s.io/cronjobs.batch.volcano.sh created
customresourcedefinition.apiextensions.k8s.io/commands.bus.volcano.sh created
serviceaccount/volcano-controllers created
configmap/volcano-controller-configmap created
configmap/volcano-sharding-configmap created
clusterrole.rbac.authorization.k8s.io/volcano-controllers created
clusterrolebinding.rbac.authorization.k8s.io/volcano-controllers-role created
service/volcano-controllers-service created
deployment.apps/volcano-controllers created
serviceaccount/volcano-scheduler created
configmap/volcano-scheduler-configmap created
clusterrole.rbac.authorization.k8s.io/volcano-scheduler created
clusterrolebinding.rbac.authorization.k8s.io/volcano-scheduler-role created
service/volcano-scheduler-service created
deployment.apps/volcano-scheduler created
customresourcedefinition.apiextensions.k8s.io/podgroups.scheduling.volcano.sh created
customresourcedefinition.apiextensions.k8s.io/queues.scheduling.volcano.sh created
customresourcedefinition.apiextensions.k8s.io/numatopologies.nodeinfo.volcano.sh created
customresourcedefinition.apiextensions.k8s.io/hypernodes.topology.volcano.sh created
customresourcedefinition.apiextensions.k8s.io/nodeshards.shard.volcano.sh created
customresourcedefinition.apiextensions.k8s.io/colocationconfigurations.config.volcano.sh created
mutatingwebhookconfiguration.admissionregistration.k8s.io/volcano-admission-service-queues-mutate created
mutatingwebhookconfiguration.admissionregistration.k8s.io/volcano-admission-service-jobs-mutate created
validatingwebhookconfiguration.admissionregistration.k8s.io/volcano-admission-service-jobs-validate created
validatingwebhookconfiguration.admissionregistration.k8s.io/volcano-admission-service-queues-validate created
validatingwebhookconfiguration.admissionregistration.k8s.io/volcano-admission-service-podgroups-validate created
validatingwebhookconfiguration.admissionregistration.k8s.io/volcano-admission-service-hypernodes-validate created
validatingwebhookconfiguration.admissionregistration.k8s.io/volcano-admission-service-cronjobs-validate created
customresourcedefinition.apiextensions.k8s.io/jobtemplates.flow.volcano.sh created
customresourcedefinition.apiextensions.k8s.io/jobflows.flow.volcano.sh created
configmap/volcano-scheduler-configmap configured
queue.scheduling.volcano.sh/direct-customer created
queue.scheduling.volcano.sh/arise-internal created
queue.scheduling.volcano.sh/system created
priorityclass.scheduling.k8s.io/arise-contract-bound created
priorityclass.scheduling.k8s.io/arise-reserved created
priorityclass.scheduling.k8s.io/arise-best-effort created
